// Jest Snapshot v1, https://goo.gl/fbAQLP

exports[`Login form component (snapshot) renders correctly 1`] = `
<form
  onSubmit={[Function]}
  role="form"
>
  <h1>
    Login to your account
  </h1>
  <div
    className="row"
  >
    <div
      className="form-group col-sm-4"
    >
      <label
        className="control-label"
      >
        Username
      </label>
      <input
        className="form-control"
        name="username"
        onChange={[Function]}
        type="text"
        value=""
      />
    </div>
  </div>
  <div
    className="row"
  >
    <div
      className="form-group col-sm-4"
    >
      <label
        className="control-label"
      >
        Password
      </label>
      <input
        className="form-control"
        name="password"
        onChange={[Function]}
        type="password"
        value=""
      />
    </div>
  </div>
  <div
    className="form-group"
  >
    <button
      className="btn btn-primary btn-lg"
    >
      Login
    </button>
  </div>
</form>
`;
